src/components/dashboard/StatCard.tsx(2,10): error TS1484: 'LucideIcon' is a type and must be imported using a type-only import when 'verbatimModuleSyntax' is enabled.
src/components/layout/index.ts(5,24): error TS2307: Cannot find module './Header' or its corresponding type declarations.
src/components/layout/index.ts(6,34): error TS2307: Cannot find module './Header' or its corresponding type declarations.
src/components/tasks/TaskForm.tsx(5,1): error TS6133: 'X' is declared but its value is never read.
src/components/tasks/TaskItem.tsx(6,49): error TS6133: 'AlertCircle' is declared but its value is never read.
src/components/timer/PomodoroTimer.tsx(1,1): error TS6133: 'React' is declared but its value is never read.
src/hooks/useGamification.ts(38,17): error TS6133: 'leveledUp' is declared but its value is never read.
src/pages/DashboardPage.tsx(8,3): error TS6133: 'isToday' is declared but its value is never read.
src/pages/DashboardPage.tsx(9,3): error TS6133: 'isTomorrow' is declared but its value is never read.
src/pages/DashboardPage.tsx(22,1): error TS6133: 'SubjectBadge' is declared but its value is never read.
src/pages/TimerPage.tsx(81,12): error TS2739: Type '{ preset: "25/5" | "50/10"; onPresetChange: (newPreset: "25/5" | "50/10") => void; state: PomodoroState; config: PomodoroConfig; progress: number; ... 11 more ...; timeRemaining: number; }' is missing the following properties from type 'PomodoroTimerProps': onStart, onPause, onReset, onSkip, onSubjectChange
